[10th.bcdesign.cn/index.html]
[10th.bcdesign.cn/drae.a6431781.ico]
[backblue.gif]
[fade.gif]
[index.html]
[10th.bcdesign.cn/home.2504a112.css]
[hm.baidu.com/hm2750.js]
[10th.bcdesign.cn/home.f2efff35.js]
[platform-api.sharethis.com/js/sharethis.js]
[10th.bcdesign.cn/m.bfe7539f.mp3]
[10th.bcdesign.cn/metal.0a094e3c.wav]
[10th.bcdesign.cn/00T.71c840f1.png]
[10th.bcdesign.cn/03FM.7eb20bc7.png]
[10th.bcdesign.cn/3F.cade7177.png]
[10th.bcdesign.cn/01FM.7e90e9fc.png]
[10th.bcdesign.cn/01APUS.9dad7551.png]
[10th.bcdesign.cn/04FM.5ce3d2c5.png]
[10th.bcdesign.cn/04RAP.d8e9985f.png]
[10th.bcdesign.cn/02FM.516cea24.png]
[10th.bcdesign.cn/02N.830fae75.png]
[10th.bcdesign.cn/07FM.f2614807.png]
[10th.bcdesign.cn/07T.8a686b75.png]
[10th.bcdesign.cn/05FM.abff0d52.png]
[10th.bcdesign.cn/05DRAGON.994e2ab0.png]
[10th.bcdesign.cn/06FM.5d99864c.png]
[10th.bcdesign.cn/06VON.069b6311.png]
[10th.bcdesign.cn/index.html]
[10th.bcdesign.cn/home.b372cbf3.js]
[10th.bcdesign.cn/Orbitron.b44eac40.woff]
[10th.bcdesign.cn/LCD.637a2379.woff]
[10th.bcdesign.cn/IBMPlexMono-Regular.d7717c41.woff]
[10th.bcdesign.cn/home.e9ebd184.js]
[10th.bcdesign.cn/home.2504a112.css]
[10th.bcdesign.cn/closePointer.51110bda.svg]
[10th.bcdesign.cn/dayA.88dec645.svg]
[10th.bcdesign.cn/dayB.54d61bd3.svg]
[10th.bcdesign.cn/time.cafbe432.svg]
[10th.bcdesign.cn/star.378456f3.svg]
[10th.bcdesign.cn/arrowIcon.3b1e3d00.svg]
[10th.bcdesign.cn/twoStep01-top.96bd18b7.svg]
[10th.bcdesign.cn/StarIcon1.800a64fe.svg]
[10th.bcdesign.cn/twoStep01-bottom.e909fa0d.svg]
[10th.bcdesign.cn/twoStep02-top.580e94f7.svg]
[10th.bcdesign.cn/iconTW.79ff499f.svg]
[10th.bcdesign.cn/IconINS.06fcdef6.svg]
[10th.bcdesign.cn/iconFB.595232e7.svg]
[10th.bcdesign.cn/StarIcon.f718b407.svg]
[10th.bcdesign.cn/iconCreative.e205dce1.svg]
[10th.bcdesign.cn/iconCreative2.32eed18d.svg]
[10th.bcdesign.cn/iconCreative3.e360a1b1.svg]
[10th.bcdesign.cn/footBG.5b4996c6.svg]
[10th.bcdesign.cn/loadIcon.f160c809.svg]
[10th.bcdesign.cn/popBG.49080577.svg]
[10th.bcdesign.cn/stl.abbcc77f.svg]
[10th.bcdesign.cn/bgPlus.66c81844.svg]
